// Vitest Snapshot v1

exports[`BaseInput.spec.js > should render correct component 1`] = `"<div><label class=\\"mb-2 block text-sm font-medium text-primary text-gray-900 dark:text-gray-300\\">First Name</label><input type=\\"text\\" class=\\"block w-full rounded-lg border border-gray-300 bg-gray-50 p-2.5 text-sm text-gray-900 focus:border-primary\\" name=\\"name\\"><span class=\\"text-sm text-danger\\"></span></div>"`;
